// Jest Snapshot v1, https://goo.gl/fbAQLP

exports[`Test Character List 1`] = `
<div>
  
</div>
`;
